------------------------------------------------------------
TimeQuest Timing Analyzer Summary
------------------------------------------------------------

Type  : Slow 1100mV 85C Model Setup 'clock'
Slack : -2.963
TNS   : -83.518

Type  : Slow 1100mV 85C Model Hold 'clock'
Slack : 0.442
TNS   : 0.000

Type  : Slow 1100mV 85C Model Recovery 'clock'
Slack : -2.106
TNS   : -67.811

Type  : Slow 1100mV 85C Model Removal 'clock'
Slack : 1.109
TNS   : 0.000

Type  : Slow 1100mV 85C Model Minimum Pulse Width 'clock'
Slack : -0.538
TNS   : -25.500

Type  : Slow 1100mV 85C Model Minimum Pulse Width 'reset'
Slack : 0.304
TNS   : 0.000

Type  : Slow 1100mV 0C Model Setup 'clock'
Slack : -3.117
TNS   : -83.725

Type  : Slow 1100mV 0C Model Hold 'clock'
Slack : 0.418
TNS   : 0.000

Type  : Slow 1100mV 0C Model Recovery 'clock'
Slack : -1.893
TNS   : -60.664

Type  : Slow 1100mV 0C Model Removal 'clock'
Slack : 0.797
TNS   : 0.000

Type  : Slow 1100mV 0C Model Minimum Pulse Width 'clock'
Slack : -0.538
TNS   : -26.037

Type  : Slow 1100mV 0C Model Minimum Pulse Width 'reset'
Slack : 0.324
TNS   : 0.000

Type  : Fast 1100mV 85C Model Setup 'clock'
Slack : -1.199
TNS   : -22.472

Type  : Fast 1100mV 85C Model Hold 'clock'
Slack : 0.179
TNS   : 0.000

Type  : Fast 1100mV 85C Model Recovery 'clock'
Slack : -1.254
TNS   : -40.417

Type  : Fast 1100mV 85C Model Removal 'clock'
Slack : 0.345
TNS   : 0.000

Type  : Fast 1100mV 85C Model Minimum Pulse Width 'clock'
Slack : -0.093
TNS   : -2.854

Type  : Fast 1100mV 85C Model Minimum Pulse Width 'reset'
Slack : 0.065
TNS   : 0.000

Type  : Fast 1100mV 0C Model Setup 'clock'
Slack : -1.082
TNS   : -18.582

Type  : Fast 1100mV 0C Model Hold 'clock'
Slack : 0.143
TNS   : 0.000

Type  : Fast 1100mV 0C Model Recovery 'clock'
Slack : -1.063
TNS   : -34.243

Type  : Fast 1100mV 0C Model Removal 'clock'
Slack : 0.217
TNS   : 0.000

Type  : Fast 1100mV 0C Model Minimum Pulse Width 'clock'
Slack : -0.093
TNS   : -2.978

Type  : Fast 1100mV 0C Model Minimum Pulse Width 'reset'
Slack : 0.059
TNS   : 0.000

------------------------------------------------------------
